
Memory Configuration

Name             Origin             Length             Attributes
Mem              0x00000000         0x04000000         xrw
*default*        0x00000000         0xffffffff

Linker script and memory map

                0x00010000                . = 0x10000

.reset          0x00010000       0x10
 startup.o(.text)
 .text          0x00010000       0x10 startup.o
                0x00010000                reset

.text           0x00010010       0x70
 *(.text)
 .text          0x00010010       0x54 uart.o
                0x00010010                UART_send_string
 .text          0x00010064       0x1c app.o
                0x00010064                main
 *(.rodata)

.glue_7         0x00010080        0x0
 .glue_7        0x00010080        0x0 linker stubs

.glue_7t        0x00010080        0x0
 .glue_7t       0x00010080        0x0 linker stubs

.vfp11_veneer   0x00010080        0x0
 .vfp11_veneer  0x00010080        0x0 linker stubs

.v4_bx          0x00010080        0x0
 .v4_bx         0x00010080        0x0 linker stubs

.iplt           0x00010080        0x0
 .iplt          0x00010080        0x0 startup.o

.rel.dyn        0x00010080        0x0
 .rel.iplt      0x00010080        0x0 startup.o

.data           0x00010080       0x17
 *(.data)
 .data          0x00010080        0x0 startup.o
 .data          0x00010080        0x0 uart.o
 .data          0x00010080       0x17 app.o
                0x00010080                str

.igot.plt       0x00010098        0x0
 .igot.plt      0x00010098        0x0 startup.o

.bss            0x00010097        0x0
 *(.bss)
 .bss           0x00010097        0x0 startup.o
 .bss           0x00010097        0x0 uart.o
 .bss           0x00010097        0x0 app.o
                0x00011097                . = (. + 0x1000)
                0x00011097                stack_top = .
LOAD startup.o
LOAD uart.o
LOAD app.o
OUTPUT(learn_in_depth.elf elf32-littlearm)

.ARM.attributes
                0x00000000       0x2e
 .ARM.attributes
                0x00000000       0x22 startup.o
 .ARM.attributes
                0x00000022       0x32 uart.o
 .ARM.attributes
                0x00000054       0x32 app.o

.comment        0x00000000       0x7e
 .comment       0x00000000       0x7e uart.o
                                 0x7f (size before relaxing)
 .comment       0x0000007e       0x7f app.o

.debug_info     0x00000000      0x165
 .debug_info    0x00000000       0xbc uart.o
 .debug_info    0x000000bc       0xa9 app.o

.debug_abbrev   0x00000000       0xe2
 .debug_abbrev  0x00000000       0x70 uart.o
 .debug_abbrev  0x00000070       0x72 app.o

.debug_aranges  0x00000000       0x40
 .debug_aranges
                0x00000000       0x20 uart.o
 .debug_aranges
                0x00000020       0x20 app.o

.debug_line     0x00000000       0x84
 .debug_line    0x00000000       0x44 uart.o
 .debug_line    0x00000044       0x40 app.o

.debug_str      0x00000000      0x125
 .debug_str     0x00000000      0x11a uart.o
                                0x135 (size before relaxing)
 .debug_str     0x0000011a        0xb app.o
                                0x10c (size before relaxing)

.debug_frame    0x00000000       0x5c
 .debug_frame   0x00000000       0x30 uart.o
 .debug_frame   0x00000030       0x2c app.o
