
Allocating common symbols
Common symbol       size              file

global_uninitialized_data
                    0xc               main.o

Memory Configuration

Name             Origin             Length             Attributes
flash            0x08000000         0x00020000         xr
sram             0x20000000         0x00005000         xrw
*default*        0x00000000         0xffffffff

Linker script and memory map


.text           0x08000000      0x134
 *(.vectors*)
 .vectors       0x08000000       0x1c startup.o
                0x08000000                Vectors
 *(.text*)
 .text          0x0800001c       0x90 startup.o
                0x0800001c                Bus_fault
                0x0800001c                MM_fault_Handler
                0x0800001c                Usage_fault_Handler
                0x0800001c                H_fault_Handler
                0x0800001c                Default_Handler
                0x0800001c                NMI_Handler
                0x08000028                Reset_Handler
 .text          0x080000ac       0x7c main.o
                0x080000ac                main
 *(.rodata)
 .rodata        0x08000128        0xc main.o
                0x08000128                global_const_data_2
                0x08000134                _E_TEXT = .

.glue_7         0x08000134        0x0
 .glue_7        0x08000134        0x0 linker stubs

.glue_7t        0x08000134        0x0
 .glue_7t       0x08000134        0x0 linker stubs

.vfp11_veneer   0x08000134        0x0
 .vfp11_veneer  0x08000134        0x0 linker stubs

.v4_bx          0x08000134        0x0
 .v4_bx         0x08000134        0x0 linker stubs

.iplt           0x08000134        0x0
 .iplt          0x08000134        0x0 startup.o

.rel.dyn        0x08000134        0x0
 .rel.iplt      0x08000134        0x0 startup.o

.data           0x20000000       0x1c load address 0x08000134
                0x20000000                _S_DATA = .
 *(.data)
 .data          0x20000000        0x0 startup.o
 .data          0x20000000       0x1c main.o
                0x20000000                global_data
                0x2000000c                global_const_data
                0x20000018                R_ODR
                0x2000001c                _E_DATA = .

.igot.plt       0x2000001c        0x0 load address 0x08000150
 .igot.plt      0x2000001c        0x0 startup.o

.bss            0x2000001c     0x100c load address 0x08000150
                0x2000001c                _S_BSS = .
 *(.bss)
 .bss           0x2000001c        0x0 startup.o
 .bss           0x2000001c        0x0 main.o
                0x2000001c                _E_BSS = .
                0x2000001c                . = ALIGN (0x4)
                0x2000101c                . = (. + 0x1000)
 *fill*         0x2000001c     0x1000 
                0x2000101c                stack_top = .
 COMMON         0x2000101c        0xc main.o
                0x2000101c                global_uninitialized_data
LOAD startup.o
LOAD main.o
OUTPUT(Learn_In_Depth_cortex-m3.elf elf32-littlearm)

.debug_info     0x00000000      0xc42
 .debug_info    0x00000000      0x143 startup.o
 .debug_info    0x00000143      0xaff main.o

.debug_abbrev   0x00000000      0x28e
 .debug_abbrev  0x00000000       0xb9 startup.o
 .debug_abbrev  0x000000b9      0x1d5 main.o

.debug_loc      0x00000000       0xb4
 .debug_loc     0x00000000       0x7c startup.o
 .debug_loc     0x0000007c       0x38 main.o

.debug_aranges  0x00000000       0x40
 .debug_aranges
                0x00000000       0x20 startup.o
 .debug_aranges
                0x00000020       0x20 main.o

.debug_line     0x00000000      0x1d0
 .debug_line    0x00000000       0x67 startup.o
 .debug_line    0x00000067      0x169 main.o

.debug_str      0x00000000      0x5e6
 .debug_str     0x00000000      0x14c startup.o
                                0x162 (size before relaxing)
 .debug_str     0x0000014c      0x49a main.o
                                0x5b7 (size before relaxing)

.comment        0x00000000       0x7e
 .comment       0x00000000       0x7e startup.o
                                 0x7f (size before relaxing)
 .comment       0x0000007e       0x7f main.o

.ARM.attributes
                0x00000000       0x33
 .ARM.attributes
                0x00000000       0x33 startup.o
 .ARM.attributes
                0x00000033       0x33 main.o

.debug_frame    0x00000000       0x7c
 .debug_frame   0x00000000       0x50 startup.o
 .debug_frame   0x00000050       0x2c main.o
