
Allocating common symbols
Common symbol       size              file

global_uninitialized_data
                    0xc               main.o

Memory Configuration

Name             Origin             Length             Attributes
flash            0x08000000         0x00020000         xr
sram             0x20000000         0x00005000         xrw
*default*        0x00000000         0xffffffff

Linker script and memory map


.text           0x08000000      0x10c
 *(.vectors*)
 *(.text*)
 .text          0x08000000       0x90 startup.o
                0x08000000                Bus_fault
                0x08000000                MM_fault_Handler
                0x08000000                Usage_fault_Handler
                0x08000000                H_fault_Handler
                0x08000000                Default_Handler
                0x08000000                NMI_Handler
                0x0800000c                Reset_Handler
 .text          0x08000090       0x7c main.o
                0x08000090                main
                0x0800010c                _E_TEXT = .

.glue_7         0x0800010c        0x0
 .glue_7        0x0800010c        0x0 linker stubs

.glue_7t        0x0800010c        0x0
 .glue_7t       0x0800010c        0x0 linker stubs

.vfp11_veneer   0x0800010c        0x0
 .vfp11_veneer  0x0800010c        0x0 linker stubs

.v4_bx          0x0800010c        0x0
 .v4_bx         0x0800010c        0x0 linker stubs

.iplt           0x0800010c        0x0
 .iplt          0x0800010c        0x0 startup.o

.rodata         0x0800010c        0xc
 *(.rodata)
 .rodata        0x0800010c        0xc main.o
                0x0800010c                global_const_data_2

.rel.dyn        0x08000118        0x0
 .rel.iplt      0x08000118        0x0 startup.o

.data           0x08000118       0x1c
                0x08000118                _S_DATA = .
 *(.data)
 .data          0x08000118        0x0 startup.o
 .data          0x08000118       0x1c main.o
                0x08000118                global_data
                0x08000124                global_const_data
                0x08000130                R_ODR
                0x08000134                _E_DATA = .

.Vectors        0x08000134       0x1c
 .Vectors       0x08000134       0x1c startup.o
                0x08000134                Vectors

.igot.plt       0x08000150        0x0
 .igot.plt      0x08000150        0x0 startup.o

.bss            0x20000000     0x100c
                0x20000000                _S_BSS = .
 *(.bss)
 .bss           0x20000000        0x0 startup.o
 .bss           0x20000000        0x0 main.o
                0x20000000                _E_BSS = .
                0x20000000                . = ALIGN (0x4)
                0x20001000                . = (. + 0x1000)
 *fill*         0x20000000     0x1000 
                0x20001000                stack_top = .
 COMMON         0x20001000        0xc main.o
                0x20001000                global_uninitialized_data
LOAD startup.o
LOAD main.o
OUTPUT(Learn_In_Depth_cortex-m3.elf elf32-littlearm)

.debug_info     0x00000000      0xc35
 .debug_info    0x00000000      0x136 startup.o
 .debug_info    0x00000136      0xaff main.o

.debug_abbrev   0x00000000      0x28e
 .debug_abbrev  0x00000000       0xb9 startup.o
 .debug_abbrev  0x000000b9      0x1d5 main.o

.debug_loc      0x00000000       0xb4
 .debug_loc     0x00000000       0x7c startup.o
 .debug_loc     0x0000007c       0x38 main.o

.debug_aranges  0x00000000       0x40
 .debug_aranges
                0x00000000       0x20 startup.o
 .debug_aranges
                0x00000020       0x20 main.o

.debug_line     0x00000000      0x1d2
 .debug_line    0x00000000       0x69 startup.o
 .debug_line    0x00000069      0x169 main.o

.debug_str      0x00000000      0x5d3
 .debug_str     0x00000000      0x139 startup.o
                                0x14f (size before relaxing)
 .debug_str     0x00000139      0x49a main.o
                                0x5ae (size before relaxing)

.comment        0x00000000       0x7e
 .comment       0x00000000       0x7e startup.o
                                 0x7f (size before relaxing)
 .comment       0x0000007e       0x7f main.o

.ARM.attributes
                0x00000000       0x33
 .ARM.attributes
                0x00000000       0x33 startup.o
 .ARM.attributes
                0x00000033       0x33 main.o

.debug_frame    0x00000000       0x7c
 .debug_frame   0x00000000       0x50 startup.o
 .debug_frame   0x00000050       0x2c main.o
