
Allocating common symbols
Common symbol       size              file

global_uninitialized_data
                    0xc               main.o

Memory Configuration

Name             Origin             Length             Attributes
flash            0x08000000         0x00020000         xr
sram             0x20000000         0x00005000         xrw
*default*        0x00000000         0xffffffff

Linker script and memory map


.text           0x08000000       0xd4
 *(.vectors*)
 .vectors       0x08000000       0x50 startup.o
 *(.text*)
 .text          0x08000050       0x7c main.o
                0x08000050                main
 .text          0x080000cc        0x8 startup.o
                0x080000d4                _E_TEXT = .

.glue_7         0x080000d4        0x0
 .glue_7        0x080000d4        0x0 linker stubs

.glue_7t        0x080000d4        0x0
 .glue_7t       0x080000d4        0x0 linker stubs

.vfp11_veneer   0x080000d4        0x0
 .vfp11_veneer  0x080000d4        0x0 linker stubs

.v4_bx          0x080000d4        0x0
 .v4_bx         0x080000d4        0x0 linker stubs

.iplt           0x080000d4        0x0
 .iplt          0x080000d4        0x0 main.o

.rodata         0x080000d4        0xc
 *(.rodata)
 .rodata        0x080000d4        0xc main.o
                0x080000d4                global_const_data_2

.rel.dyn        0x080000e0        0x0
 .rel.iplt      0x080000e0        0x0 main.o

.data           0x20000000       0x1c load address 0x080000e0
                0x20000000                _S_DATA = .
 *(.data)
 .data          0x20000000       0x1c main.o
                0x20000000                global_data
                0x2000000c                global_const_data
                0x20000018                R_ODR
 .data          0x2000001c        0x0 startup.o
                0x2000001c                _E_DATA = .

.igot.plt       0x2000001c        0x0 load address 0x080000fc
 .igot.plt      0x2000001c        0x0 main.o

.bss            0x2000001c     0x100c load address 0x080000fc
                0x2000001c                _S_BSS = .
 *(.bss)
 .bss           0x2000001c        0x0 main.o
 .bss           0x2000001c        0x0 startup.o
                0x2000001c                _E_BSS = .
                0x2000001c                . = ALIGN (0x4)
                0x2000101c                . = (. + 0x1000)
 *fill*         0x2000001c     0x1000 
                0x2000101c                _stack_top = .
 COMMON         0x2000101c        0xc main.o
                0x2000101c                global_uninitialized_data
LOAD main.o
LOAD startup.o
OUTPUT(Learn_In_Depth_cortex-m3.elf elf32-littlearm)

.debug_info     0x00000000      0xb25
 .debug_info    0x00000000      0xaff main.o
 .debug_info    0x00000aff       0x26 startup.o

.debug_abbrev   0x00000000      0x1e9
 .debug_abbrev  0x00000000      0x1d5 main.o
 .debug_abbrev  0x000001d5       0x14 startup.o

.debug_loc      0x00000000       0x38
 .debug_loc     0x00000000       0x38 main.o

.debug_aranges  0x00000000       0x40
 .debug_aranges
                0x00000000       0x20 main.o
 .debug_aranges
                0x00000020       0x20 startup.o

.debug_line     0x00000000      0x1a4
 .debug_line    0x00000000      0x169 main.o
 .debug_line    0x00000169       0x3b startup.o

.debug_str      0x00000000      0x560
 .debug_str     0x00000000      0x547 main.o
                                0x5ae (size before relaxing)
 .debug_str     0x00000547       0x19 startup.o
                                 0x4d (size before relaxing)

.comment        0x00000000       0x7e
 .comment       0x00000000       0x7e main.o
                                 0x7f (size before relaxing)

.ARM.attributes
                0x00000000       0x31
 .ARM.attributes
                0x00000000       0x33 main.o
 .ARM.attributes
                0x00000033       0x21 startup.o

.debug_frame    0x00000000       0x2c
 .debug_frame   0x00000000       0x2c main.o
